// Jest Snapshot v1, https://goo.gl/fbAQLP

exports[`Search snapshot should correct renderer 1`] = `
<div
  className="container"
>
  <div
    className="row"
  >
    <div
      className="col-10 mx-auto col-md-8 mt-5 text-center"
    >
      <h1
        className="text-slanted text-capitalize"
      >
        search recipes with
         
        <strong
          className="text-orange"
        >
           Food2Fork 
        </strong>
      </h1>
      <form
        className="mt-4"
      >
        <label
          className="text-capitalize"
          htmlFor="search"
        >
          types recipes separated by comma
        </label>
        <div
          className="input-group container col-sm"
        >
          <input
            className="form-control"
            name="search"
            onChange={[Function]}
            placeholder="chicken, onion, carrots"
            type="text"
            value=""
          />
          <div
            className="input-group-append"
          >
            <button
              className="input-group-text bg-primary text-white"
              onClick={[Function]}
              type="submit"
            >
              <i
                className="fas fa-search"
              />
            </button>
          </div>
        </div>
      </form>
    </div>
  </div>
</div>
`;
