// Jest Snapshot v1, https://goo.gl/fbAQLP

exports[`Navbar snapshot should correct renderer 1`] = `
<nav
  className="navbar navbar-expand-lg navbar-light bg-light"
>
  <a
    className="navbar-brand"
    href="/"
  >
    <img
      alt="logo"
      src="test-file-stub"
    />
  </a>
  <div
    className="collapse navbar-collapse show ml-sm-5"
  >
    <ul
      className="navbar-nav"
    >
      <li
        className="navbar-item"
      >
        <a
          className="nav-link"
          href="#/"
        >
          Home
        </a>
      </li>
      <li
        className="navbar-item"
      >
        <a
          className="nav-link"
          href="#/recipes"
        >
          Recipes
        </a>
      </li>
    </ul>
  </div>
</nav>
`;
