// Jest Snapshot v1, https://goo.gl/fbAQLP

exports[`Header snapshot should correct renderer 1`] = `
<header>
  <div
    className="container-fluid"
  >
    <div
      className="row align-items-center styleClass"
    >
      <div
        className="col text-center text-slanted"
      >
        <h1
          className="text-light text-uppercase display-3 letter-spacing text-slander"
        >
          title
        </h1>
        children
      </div>
    </div>
  </div>
</header>
`;
